  Determining projects to restore...
C:\Users\scdou\Documents\NINA.Fujifilm.Plugin\src\NINA.Plugins.Fujifilm\NINA.Plugins.Fujifilm.csproj : warning NU1903: Package 'System.Text.Json' 7.0.3 has a known high severity vulnerability, https://github.com/advisories/GHSA-hh2w-p6rv-4g7w [C:\Users\scdou\Documents\NINA.Fujifilm.Plugin\NINA.Plugins.Fujifilm.sln]
C:\Users\scdou\Documents\NINA.Fujifilm.Plugin\src\NINA.Plugins.Fujifilm\NINA.Plugins.Fujifilm.csproj : warning NU1701: Package 'ToastNotifications 2.5.1' was restored using '.NETFramework,Version=v4.6.1, .NETFramework,Version=v4.6.2, .NETFramework,Version=v4.7, .NETFramework,Version=v4.7.1, .NETFramework,Version=v4.7.2, .NETFramework,Version=v4.8, .NETFramework,Version=v4.8.1' instead of the project target framework 'net8.0-windows7.0'. This package may not be fully compatible with your project. [C:\Users\scdou\Documents\NINA.Fujifilm.Plugin\NINA.Plugins.Fujifilm.sln]
C:\Users\scdou\Documents\NINA.Fujifilm.Plugin\src\NINA.Plugins.Fujifilm\NINA.Plugins.Fujifilm.csproj : warning NU1701: Package 'VVVV.FreeImage 3.15.1.1' was restored using '.NETFramework,Version=v4.6.1, .NETFramework,Version=v4.6.2, .NETFramework,Version=v4.7, .NETFramework,Version=v4.7.1, .NETFramework,Version=v4.7.2, .NETFramework,Version=v4.8, .NETFramework,Version=v4.8.1' instead of the project target framework 'net8.0-windows7.0'. This package may not be fully compatible with your project. [C:\Users\scdou\Documents\NINA.Fujifilm.Plugin\NINA.Plugins.Fujifilm.sln]
  All projects are up-to-date for restore.
C:\Program Files\dotnet\sdk\9.0.203\Sdks\Microsoft.NET.Sdk\targets\Microsoft.NET.Sdk.DefaultItems.targets(148,5): warning NETSDK1137: It is no longer necessary to use the Microsoft.NET.Sdk.WindowsDesktop SDK. Consider changing the Sdk attribute of the root Project element to 'Microsoft.NET.Sdk'. [C:\Users\scdou\Documents\NINA.Fujifilm.Plugin\src\NINA.Plugins.Fujifilm\NINA.Plugins.Fujifilm.csproj]
C:\Users\scdou\Documents\NINA.Fujifilm.Plugin\src\NINA.Plugins.Fujifilm\NINA.Plugins.Fujifilm.csproj : warning NU1903: Package 'System.Text.Json' 7.0.3 has a known high severity vulnerability, https://github.com/advisories/GHSA-hh2w-p6rv-4g7w
C:\Users\scdou\Documents\NINA.Fujifilm.Plugin\src\NINA.Plugins.Fujifilm\NINA.Plugins.Fujifilm.csproj : warning NU1701: Package 'ToastNotifications 2.5.1' was restored using '.NETFramework,Version=v4.6.1, .NETFramework,Version=v4.6.2, .NETFramework,Version=v4.7, .NETFramework,Version=v4.7.1, .NETFramework,Version=v4.7.2, .NETFramework,Version=v4.8, .NETFramework,Version=v4.8.1' instead of the project target framework 'net8.0-windows7.0'. This package may not be fully compatible with your project.
C:\Users\scdou\Documents\NINA.Fujifilm.Plugin\src\NINA.Plugins.Fujifilm\NINA.Plugins.Fujifilm.csproj : warning NU1701: Package 'VVVV.FreeImage 3.15.1.1' was restored using '.NETFramework,Version=v4.6.1, .NETFramework,Version=v4.6.2, .NETFramework,Version=v4.7, .NETFramework,Version=v4.7.1, .NETFramework,Version=v4.7.2, .NETFramework,Version=v4.8, .NETFramework,Version=v4.8.1' instead of the project target framework 'net8.0-windows7.0'. This package may not be fully compatible with your project.
C:\Users\scdou\Documents\NINA.Fujifilm.Plugin\src\NINA.Plugins.Fujifilm\NINA.Plugins.Fujifilm_une3difw_wpftmp.csproj : warning NU1903: Package 'System.Text.Json' 7.0.3 has a known high severity vulnerability, https://github.com/advisories/GHSA-hh2w-p6rv-4g7w
C:\Users\scdou\Documents\NINA.Fujifilm.Plugin\src\NINA.Plugins.Fujifilm\NINA.Plugins.Fujifilm_une3difw_wpftmp.csproj : warning NU1701: Package 'ToastNotifications 2.5.1' was restored using '.NETFramework,Version=v4.6.1, .NETFramework,Version=v4.6.2, .NETFramework,Version=v4.7, .NETFramework,Version=v4.7.1, .NETFramework,Version=v4.7.2, .NETFramework,Version=v4.8, .NETFramework,Version=v4.8.1' instead of the project target framework 'net8.0-windows7.0'. This package may not be fully compatible with your project.
C:\Users\scdou\Documents\NINA.Fujifilm.Plugin\src\NINA.Plugins.Fujifilm\NINA.Plugins.Fujifilm_une3difw_wpftmp.csproj : warning NU1701: Package 'VVVV.FreeImage 3.15.1.1' was restored using '.NETFramework,Version=v4.6.1, .NETFramework,Version=v4.6.2, .NETFramework,Version=v4.7, .NETFramework,Version=v4.7.1, .NETFramework,Version=v4.7.2, .NETFramework,Version=v4.8, .NETFramework,Version=v4.8.1' instead of the project target framework 'net8.0-windows7.0'. This package may not be fully compatible with your project.
C:\Users\scdou\Documents\NINA.Fujifilm.Plugin\src\NINA.Plugins.Fujifilm\Devices\FujiCameraFactory.cs(131,6): error CS1513: } expected [C:\Users\scdou\Documents\NINA.Fujifilm.Plugin\src\NINA.Plugins.Fujifilm\NINA.Plugins.Fujifilm_une3difw_wpftmp.csproj]

Build FAILED.

C:\Users\scdou\Documents\NINA.Fujifilm.Plugin\src\NINA.Plugins.Fujifilm\NINA.Plugins.Fujifilm.csproj : warning NU1903: Package 'System.Text.Json' 7.0.3 has a known high severity vulnerability, https://github.com/advisories/GHSA-hh2w-p6rv-4g7w [C:\Users\scdou\Documents\NINA.Fujifilm.Plugin\NINA.Plugins.Fujifilm.sln]
C:\Users\scdou\Documents\NINA.Fujifilm.Plugin\src\NINA.Plugins.Fujifilm\NINA.Plugins.Fujifilm.csproj : warning NU1701: Package 'ToastNotifications 2.5.1' was restored using '.NETFramework,Version=v4.6.1, .NETFramework,Version=v4.6.2, .NETFramework,Version=v4.7, .NETFramework,Version=v4.7.1, .NETFramework,Version=v4.7.2, .NETFramework,Version=v4.8, .NETFramework,Version=v4.8.1' instead of the project target framework 'net8.0-windows7.0'. This package may not be fully compatible with your project. [C:\Users\scdou\Documents\NINA.Fujifilm.Plugin\NINA.Plugins.Fujifilm.sln]
C:\Users\scdou\Documents\NINA.Fujifilm.Plugin\src\NINA.Plugins.Fujifilm\NINA.Plugins.Fujifilm.csproj : warning NU1701: Package 'VVVV.FreeImage 3.15.1.1' was restored using '.NETFramework,Version=v4.6.1, .NETFramework,Version=v4.6.2, .NETFramework,Version=v4.7, .NETFramework,Version=v4.7.1, .NETFramework,Version=v4.7.2, .NETFramework,Version=v4.8, .NETFramework,Version=v4.8.1' instead of the project target framework 'net8.0-windows7.0'. This package may not be fully compatible with your project. [C:\Users\scdou\Documents\NINA.Fujifilm.Plugin\NINA.Plugins.Fujifilm.sln]
C:\Program Files\dotnet\sdk\9.0.203\Sdks\Microsoft.NET.Sdk\targets\Microsoft.NET.Sdk.DefaultItems.targets(148,5): warning NETSDK1137: It is no longer necessary to use the Microsoft.NET.Sdk.WindowsDesktop SDK. Consider changing the Sdk attribute of the root Project element to 'Microsoft.NET.Sdk'. [C:\Users\scdou\Documents\NINA.Fujifilm.Plugin\src\NINA.Plugins.Fujifilm\NINA.Plugins.Fujifilm.csproj]
C:\Users\scdou\Documents\NINA.Fujifilm.Plugin\src\NINA.Plugins.Fujifilm\NINA.Plugins.Fujifilm.csproj : warning NU1903: Package 'System.Text.Json' 7.0.3 has a known high severity vulnerability, https://github.com/advisories/GHSA-hh2w-p6rv-4g7w
C:\Users\scdou\Documents\NINA.Fujifilm.Plugin\src\NINA.Plugins.Fujifilm\NINA.Plugins.Fujifilm.csproj : warning NU1701: Package 'ToastNotifications 2.5.1' was restored using '.NETFramework,Version=v4.6.1, .NETFramework,Version=v4.6.2, .NETFramework,Version=v4.7, .NETFramework,Version=v4.7.1, .NETFramework,Version=v4.7.2, .NETFramework,Version=v4.8, .NETFramework,Version=v4.8.1' instead of the project target framework 'net8.0-windows7.0'. This package may not be fully compatible with your project.
C:\Users\scdou\Documents\NINA.Fujifilm.Plugin\src\NINA.Plugins.Fujifilm\NINA.Plugins.Fujifilm.csproj : warning NU1701: Package 'VVVV.FreeImage 3.15.1.1' was restored using '.NETFramework,Version=v4.6.1, .NETFramework,Version=v4.6.2, .NETFramework,Version=v4.7, .NETFramework,Version=v4.7.1, .NETFramework,Version=v4.7.2, .NETFramework,Version=v4.8, .NETFramework,Version=v4.8.1' instead of the project target framework 'net8.0-windows7.0'. This package may not be fully compatible with your project.
C:\Users\scdou\Documents\NINA.Fujifilm.Plugin\src\NINA.Plugins.Fujifilm\NINA.Plugins.Fujifilm_une3difw_wpftmp.csproj : warning NU1903: Package 'System.Text.Json' 7.0.3 has a known high severity vulnerability, https://github.com/advisories/GHSA-hh2w-p6rv-4g7w
C:\Users\scdou\Documents\NINA.Fujifilm.Plugin\src\NINA.Plugins.Fujifilm\NINA.Plugins.Fujifilm_une3difw_wpftmp.csproj : warning NU1701: Package 'ToastNotifications 2.5.1' was restored using '.NETFramework,Version=v4.6.1, .NETFramework,Version=v4.6.2, .NETFramework,Version=v4.7, .NETFramework,Version=v4.7.1, .NETFramework,Version=v4.7.2, .NETFramework,Version=v4.8, .NETFramework,Version=v4.8.1' instead of the project target framework 'net8.0-windows7.0'. This package may not be fully compatible with your project.
C:\Users\scdou\Documents\NINA.Fujifilm.Plugin\src\NINA.Plugins.Fujifilm\NINA.Plugins.Fujifilm_une3difw_wpftmp.csproj : warning NU1701: Package 'VVVV.FreeImage 3.15.1.1' was restored using '.NETFramework,Version=v4.6.1, .NETFramework,Version=v4.6.2, .NETFramework,Version=v4.7, .NETFramework,Version=v4.7.1, .NETFramework,Version=v4.7.2, .NETFramework,Version=v4.8, .NETFramework,Version=v4.8.1' instead of the project target framework 'net8.0-windows7.0'. This package may not be fully compatible with your project.
C:\Users\scdou\Documents\NINA.Fujifilm.Plugin\src\NINA.Plugins.Fujifilm\Devices\FujiCameraFactory.cs(131,6): error CS1513: } expected [C:\Users\scdou\Documents\NINA.Fujifilm.Plugin\src\NINA.Plugins.Fujifilm\NINA.Plugins.Fujifilm_une3difw_wpftmp.csproj]
    10 Warning(s)
    1 Error(s)

Time Elapsed 00:00:01.01
